>>>ignore_signals(): DR_HOOK will ignore signal#8 altogether
signal_drhook(SIGABRT=6): New handler installed at 0x7fb056c112f0; old preserved at 0x7fb056441a90
signal_drhook(SIGBUS=7): New handler installed at 0x7fb056c112f0; old preserved at 0x7fb056441a90
signal_drhook(SIGSEGV=11): New handler installed at 0x7fb056c112f0; old preserved at 0x7fb056441a90
signal_drhook(SIGSTKFLT=16): New handler installed at 0x7fb056c112f0; old preserved at 0x0
signal_drhook(SIGILL=4): New handler installed at 0x7fb056c112f0; old preserved at 0x7fb056441a90
signal_drhook(SIGTRAP=5): New handler installed at 0x7fb056c112f0; old preserved at 0x7fb056441a90
signal_drhook(SIGINT=2): New handler installed at 0x7fb056c112f0; old preserved at 0x0
signal_drhook(SIGQUIT=3): New handler installed at 0x7fb056c112f0; old preserved at 0x7fb056441a90
signal_drhook(SIGTERM=15): New handler installed at 0x7fb056c112f0; old preserved at 0x0
signal_drhook(SIGXCPU=24): New handler installed at 0x7fb056c112f0; old preserved at 0x7fb056441a90
signal_drhook(SIGSYS=31): New handler installed at 0x7fb056c112f0; old preserved at 0x7fb056441a90
*** /net/home/h01/frwd/extractions/odb/develop/src/aux/newio.c:init_IOs() ***
	ODB_WRITE_EMPTY_FILES=0
	  ODB_CONSIDER_TABLES=/desc/hdr/
	   ODB_IO_KEEP_INCORE=1
	      ODB_IO_FILESIZE=32 MB
	       ODB_IO_BUFSIZE=4194304 bytes
	       ODB_IO_GRPSIZE=1 (or max no. of pools)
	       ODB_IO_PROFILE=0
	       ODB_IO_VERBOSE=0
	        ODB_IO_METHOD=1
	          ODB_VERSION=CY43R0.000 (software release)
	          ODB_IO_LOCK=0
*********************
ODB_CONSIDER_TABLES=/desc/hdr/
ODB_WRITE_TABLES=*
>>> Assuming static linking mode
codb_set_entrypoint_(dbname='OOPS', dbname_len=4)
***INFO: Poolmasking ignored altogether for database 'OOPS'
 There are rc =            3  and ntables =            3
 OPEN_DB: handle=           1
 DataBase-name="OOPS"
 ODB_SRCPATH_OOPS="/data/local/frwd/extractions/ufo-bundle/develop/ioda/test/testinput/diag_t_01_wprofiles_odb"
 ODB_DATAPATH_OOPS="/data/local/frwd/extractions/ufo-bundle/develop/ioda/test/testinput/diag_t_01_wprofiles_odb"
 ODB_IDXPATH_OOPS="/data/local/frwd/extractions/ufo-bundle/develop/ioda/test/testinput/diag_t_01_wprofiles_odb/idx"
 inuse ?  T
 newdb ?  F
 readonly ?  T
 rewrite_flags-file ?  F
 no. of global pools =            1
 global max poolno =            1
 no. of local pools =            1
 max. no. of rows per pool =   2147483647
 I/O-method =            1
 iounit =            0
 ntables =            3
 no. of MPI-tasks =            1
 no. of OpenMP-threads =            8
 END of OPEN_DB
